

================================================================
== Vivado HLS Report for 'trames_separ'
================================================================
* Date:           Thu Mar 25 13:23:32 2021

* Version:        2020.1 (Build 2897737 on Wed May 27 20:21:37 MDT 2020)
* Project:        HLS_RECEIVER_FLOAT
* Solution:       solution1
* Product family: artix7
* Target device:  xc7a100t-csg324-1


================================================================
== Performance Estimates
================================================================
+ Timing: 
    * Summary: 
    +--------+----------+----------+------------+
    |  Clock |  Target  | Estimated| Uncertainty|
    +--------+----------+----------+------------+
    |ap_clk  | 10.00 ns | 7.816 ns |   1.25 ns  |
    +--------+----------+----------+------------+

+ Latency: 
    * Summary: 
    +---------+---------+----------+-----------+-----+------+---------+
    |  Latency (cycles) |  Latency (absolute)  |  Interval  | Pipeline|
    |   min   |   max   |    min   |    max    | min |  max |   Type  |
    +---------+---------+----------+-----------+-----+------+---------+
    |        0|     2310|   0 ns   | 23.100 us |    0|  2310|   none  |
    +---------+---------+----------+-----------+-----+------+---------+

    + Detail: 
        * Instance: 
        N/A

        * Loop: 
        N/A

============================================================
+ Verbose Summary: Synthesis Manager
============================================================
InlineROM: 1
ExposeGlobal: 0
============================================================
+ Verbose Summary: CDFG Model
============================================================
IsTopModel: 1
ResetActiveHigh: 1
IsCombinational: 0
IsDatapathOnly: 0
HasWiredReturn: 1
HasMFsm: 0
HasVarLatency: 1
IsPipeline: 0
IsRtlPipelined: 0
IsInstanceOverlapped: 0
IsDontTouch: 0
HasImplIP: 0
IsGatedGlobalClock: 0


============================================================
+ Verbose Summary: Schedule
============================================================
* Number of FSM states : 2
* Pipeline : 0
* Dataflow Pipeline: 0

* FSM state transitions: 
1 --> 2 
2 --> 

* FSM state operations: 

State 1 <SV = 0> <Delay = 0.00>
ST_1 : Operation 3 [1/1] (0.00ns)   --->   "call void (...)* @_ssdm_op_SpecBitsMap(i1* %clock), !map !198"   --->   Operation 3 'specbitsmap' <Predicate = true> <Delay = 0.00>
ST_1 : Operation 4 [1/1] (0.00ns)   --->   "call void (...)* @_ssdm_op_SpecBitsMap(i1* %reset), !map !202"   --->   Operation 4 'specbitsmap' <Predicate = true> <Delay = 0.00>
ST_1 : Operation 5 [1/1] (0.00ns)   --->   "call void (...)* @_ssdm_op_SpecBitsMap(i8* %e), !map !206"   --->   Operation 5 'specbitsmap' <Predicate = true> <Delay = 0.00>
ST_1 : Operation 6 [1/1] (0.00ns)   --->   "call void (...)* @_ssdm_op_SpecBitsMap(i1* %detect), !map !210"   --->   Operation 6 'specbitsmap' <Predicate = true> <Delay = 0.00>
ST_1 : Operation 7 [1/1] (0.00ns)   --->   "call void (...)* @_ssdm_op_SpecBitsMap(i8* %s), !map !214"   --->   Operation 7 'specbitsmap' <Predicate = true> <Delay = 0.00>
ST_1 : Operation 8 [1/1] (0.00ns)   --->   "call void (...)* @_ssdm_op_SpecInterface(i8* %e, [8 x i8]* @p_str29, i32 0, i32 0, [1 x i8]* @p_str30, i32 0, i32 0, [1 x i8]* @p_str30, [1 x i8]* @p_str30, [1 x i8]* @p_str30, i32 0, i32 0, i32 0, i32 0, [1 x i8]* @p_str30, [1 x i8]* @p_str30) nounwind" [systemc/src/trames_separ.hpp:28]   --->   Operation 8 'specinterface' <Predicate = true> <Delay = 0.00>
ST_1 : Operation 9 [1/1] (0.00ns)   --->   "call void (...)* @_ssdm_op_SpecPort([1 x i8]* @p_str30, i32 4, [1 x i8]* @p_str30, [1 x i8]* @p_str30, i32 0, i32 0, i8* %e) nounwind" [systemc/src/trames_separ.hpp:28]   --->   Operation 9 'specport' <Predicate = true> <Delay = 0.00>
ST_1 : Operation 10 [1/1] (0.00ns)   --->   "call void (...)* @_ssdm_op_SpecInterface(i1* %detect, [8 x i8]* @p_str29, i32 0, i32 0, [1 x i8]* @p_str30, i32 0, i32 0, [1 x i8]* @p_str30, [1 x i8]* @p_str30, [1 x i8]* @p_str30, i32 0, i32 0, i32 0, i32 0, [1 x i8]* @p_str30, [1 x i8]* @p_str30) nounwind" [systemc/src/trames_separ.hpp:28]   --->   Operation 10 'specinterface' <Predicate = true> <Delay = 0.00>
ST_1 : Operation 11 [1/1] (0.00ns)   --->   "call void (...)* @_ssdm_op_SpecPort([1 x i8]* @p_str30, i32 4, [1 x i8]* @p_str30, [1 x i8]* @p_str30, i32 0, i32 0, i1* %detect) nounwind" [systemc/src/trames_separ.hpp:28]   --->   Operation 11 'specport' <Predicate = true> <Delay = 0.00>
ST_1 : Operation 12 [1/1] (0.00ns)   --->   "call void (...)* @_ssdm_op_SpecInterface(i8* %s, [8 x i8]* @p_str29, i32 0, i32 0, [1 x i8]* @p_str30, i32 0, i32 0, [1 x i8]* @p_str30, [1 x i8]* @p_str30, [1 x i8]* @p_str30, i32 0, i32 0, i32 0, i32 0, [1 x i8]* @p_str30, [1 x i8]* @p_str30) nounwind" [systemc/src/trames_separ.hpp:28]   --->   Operation 12 'specinterface' <Predicate = true> <Delay = 0.00>
ST_1 : Operation 13 [1/1] (0.00ns)   --->   "call void (...)* @_ssdm_op_SpecPort([1 x i8]* @p_str30, i32 5, [1 x i8]* @p_str30, [1 x i8]* @p_str30, i32 0, i32 0, i8* %s) nounwind" [systemc/src/trames_separ.hpp:28]   --->   Operation 13 'specport' <Predicate = true> <Delay = 0.00>
ST_1 : Operation 14 [1/1] (0.00ns)   --->   "call void (...)* @_ssdm_op_SpecTopModule([13 x i8]* @p_str70, [13 x i8]* @p_str70) nounwind" [systemc/src/trames_separ.hpp:29]   --->   Operation 14 'spectopmodule' <Predicate = true> <Delay = 0.00>
ST_1 : Operation 15 [1/1] (0.00ns)   --->   "%trames_separ_ssdm = load i1* @trames_separ_ssdm_thread_M_do_gen, align 1" [systemc/src/trames_separ.hpp:30]   --->   Operation 15 'load' 'trames_separ_ssdm' <Predicate = true> <Delay = 0.00>
ST_1 : Operation 16 [1/1] (0.00ns)   --->   "br i1 %trames_separ_ssdm, label %1, label %2" [systemc/src/trames_separ.hpp:30]   --->   Operation 16 'br' <Predicate = true> <Delay = 0.00>
ST_1 : Operation 17 [1/1] (0.00ns)   --->   "call void (...)* @_ssdm_op_SpecProcessDecl([13 x i8]* @p_str70, i32 2, [7 x i8]* @p_str42) nounwind" [systemc/src/trames_separ.hpp:30]   --->   Operation 17 'specprocessdecl' <Predicate = (!trames_separ_ssdm)> <Delay = 0.00>
ST_1 : Operation 18 [1/1] (0.00ns)   --->   "call void (...)* @_ssdm_op_SpecSensitive([7 x i8]* @p_str42, [6 x i8]* @p_str27, i1* %clock, i32 1) nounwind" [systemc/src/trames_separ.hpp:31]   --->   Operation 18 'specsensitive' <Predicate = (!trames_separ_ssdm)> <Delay = 0.00>
ST_1 : Operation 19 [1/1] (0.00ns)   --->   "call void (...)* @_ssdm_op_SpecSensitive([7 x i8]* @p_str42, [6 x i8]* @p_str28, i1* %reset, i32 3) nounwind" [systemc/src/trames_separ.hpp:32]   --->   Operation 19 'specsensitive' <Predicate = (!trames_separ_ssdm)> <Delay = 0.00>
ST_1 : Operation 20 [1/1] (0.00ns)   --->   "call void (...)* @_ssdm_op_SpecPort([13 x i8]* @p_str70, i32 0, [7 x i8]* @p_str26, [6 x i8]* @p_str27, i32 0, i32 0, i1* %clock) nounwind" [systemc/src/trames_separ.hpp:33]   --->   Operation 20 'specport' <Predicate = (!trames_separ_ssdm)> <Delay = 0.00>
ST_1 : Operation 21 [1/1] (0.00ns)   --->   "call void (...)* @_ssdm_op_SpecPort([13 x i8]* @p_str70, i32 0, [7 x i8]* @p_str26, [6 x i8]* @p_str28, i32 0, i32 0, i1* %reset) nounwind" [systemc/src/trames_separ.hpp:34]   --->   Operation 21 'specport' <Predicate = (!trames_separ_ssdm)> <Delay = 0.00>
ST_1 : Operation 22 [1/1] (0.00ns)   --->   "call void (...)* @_ssdm_op_SpecInterface(i8* %e, [8 x i8]* @p_str29, i32 0, i32 0, [1 x i8]* @p_str30, i32 0, i32 0, [1 x i8]* @p_str30, [1 x i8]* @p_str30, [1 x i8]* @p_str30, i32 0, i32 0, i32 0, i32 0, [1 x i8]* @p_str30, [1 x i8]* @p_str30) nounwind" [systemc/src/trames_separ.hpp:35]   --->   Operation 22 'specinterface' <Predicate = (!trames_separ_ssdm)> <Delay = 0.00>
ST_1 : Operation 23 [1/1] (0.00ns)   --->   "call void (...)* @_ssdm_op_SpecPort([13 x i8]* @p_str70, i32 4, [13 x i8]* @p_str50, [2 x i8]* @p_str32, i32 0, i32 0, i8* %e) nounwind" [systemc/src/trames_separ.hpp:36]   --->   Operation 23 'specport' <Predicate = (!trames_separ_ssdm)> <Delay = 0.00>
ST_1 : Operation 24 [1/1] (0.00ns)   --->   "call void (...)* @_ssdm_op_SpecInterface(i1* %detect, [8 x i8]* @p_str29, i32 0, i32 0, [1 x i8]* @p_str30, i32 0, i32 0, [1 x i8]* @p_str30, [1 x i8]* @p_str30, [1 x i8]* @p_str30, i32 0, i32 0, i32 0, i32 0, [1 x i8]* @p_str30, [1 x i8]* @p_str30) nounwind" [systemc/src/trames_separ.hpp:37]   --->   Operation 24 'specinterface' <Predicate = (!trames_separ_ssdm)> <Delay = 0.00>
ST_1 : Operation 25 [1/1] (0.00ns)   --->   "call void (...)* @_ssdm_op_SpecPort([13 x i8]* @p_str70, i32 4, [7 x i8]* @p_str26, [7 x i8]* @p_str65, i32 0, i32 0, i1* %detect) nounwind" [systemc/src/trames_separ.hpp:38]   --->   Operation 25 'specport' <Predicate = (!trames_separ_ssdm)> <Delay = 0.00>
ST_1 : Operation 26 [1/1] (0.00ns)   --->   "call void (...)* @_ssdm_op_SpecInterface(i8* %s, [8 x i8]* @p_str29, i32 0, i32 0, [1 x i8]* @p_str30, i32 0, i32 0, [1 x i8]* @p_str30, [1 x i8]* @p_str30, [1 x i8]* @p_str30, i32 0, i32 0, i32 0, i32 0, [1 x i8]* @p_str30, [1 x i8]* @p_str30) nounwind" [systemc/src/trames_separ.hpp:39]   --->   Operation 26 'specinterface' <Predicate = (!trames_separ_ssdm)> <Delay = 0.00>
ST_1 : Operation 27 [1/1] (0.00ns)   --->   "call void (...)* @_ssdm_op_SpecPort([13 x i8]* @p_str70, i32 5, [13 x i8]* @p_str50, [2 x i8]* @p_str51, i32 0, i32 0, i8* %s) nounwind" [systemc/src/trames_separ.hpp:40]   --->   Operation 27 'specport' <Predicate = (!trames_separ_ssdm)> <Delay = 0.00>
ST_1 : Operation 28 [1/1] (0.00ns)   --->   "ret void" [systemc/src/trames_separ.hpp:32]   --->   Operation 28 'ret' <Predicate = (!trames_separ_ssdm)> <Delay = 0.00>
ST_1 : Operation 29 [2/2] (0.00ns)   --->   "call void @"trames_separ::do_gen"(i1* %clock, i1* %reset, i8* %e, i1* %detect, i8* %s)" [systemc/src/trames_separ.hpp:30]   --->   Operation 29 'call' <Predicate = (trames_separ_ssdm)> <Delay = 0.00> <CoreType = "Generic">   --->   Core 0 '' <Latency = 0> <II = 1> <Delay = 1.00> <Generic> <Opcode : >

State 2 <SV = 1> <Delay = 0.00>
ST_2 : Operation 30 [1/2] (0.00ns)   --->   "call void @"trames_separ::do_gen"(i1* %clock, i1* %reset, i8* %e, i1* %detect, i8* %s)" [systemc/src/trames_separ.hpp:30]   --->   Operation 30 'call' <Predicate = true> <Delay = 0.00> <CoreType = "Generic">   --->   Core 0 '' <Latency = 0> <II = 1> <Delay = 1.00> <Generic> <Opcode : >
ST_2 : Operation 31 [1/1] (0.00ns)   --->   "unreachable"   --->   Operation 31 'unreachable' <Predicate = true> <Delay = 0.00>


============================================================
+ Verbose Summary: Timing violations
============================================================
Target clock period: 10ns, clock uncertainty: 1.25ns.

 <State 1>: 0ns
The critical path consists of the following:

 <State 2>: 0ns
The critical path consists of the following:


============================================================
+ Verbose Summary: Binding
============================================================
N/A
* FSMD analyzer results:
  - Output states:
 - Input state : 
  - Chain level:
	State 1
	State 2


============================================================
+ Verbose Summary: Datapath Resource usage 
============================================================
N/A
