

================================================================
== Vivado HLS Report for 'BitsToBytes_do_gen'
================================================================
* Date:           Thu Mar 25 13:02:58 2021

* Version:        2020.1 (Build 2897737 on Wed May 27 20:21:37 MDT 2020)
* Project:        HLS_RECEIVER_FLOAT
* Solution:       solution1
* Product family: artix7
* Target device:  xc7a100t-csg324-1


================================================================
== Performance Estimates
================================================================
+ Timing: 
    * Summary: 
    +--------+----------+----------+------------+
    |  Clock |  Target  | Estimated| Uncertainty|
    +--------+----------+----------+------------+
    |ap_clk  | 10.00 ns | 3.908 ns |   1.25 ns  |
    +--------+----------+----------+------------+

+ Latency: 
    * Summary: 
    +---------+---------+----------+----------+-----+-----+---------+
    |  Latency (cycles) |  Latency (absolute) |  Interval | Pipeline|
    |   min   |   max   |    min   |    max   | min | max |   Type  |
    +---------+---------+----------+----------+-----+-----+---------+
    |       11|       11| 0.110 us | 0.110 us |   11|   11|   none  |
    +---------+---------+----------+----------+-----+-----+---------+

    + Detail: 
        * Instance: 
        N/A

        * Loop: 
        +-------------+---------+---------+----------+-----------+-----------+------+----------+
        |             |  Latency (cycles) | Iteration|  Initiation Interval  | Trip |          |
        |  Loop Name  |   min   |   max   |  Latency |  achieved |   target  | Count| Pipelined|
        +-------------+---------+---------+----------+-----------+-----------+------+----------+
        |- Loop 1     |       10|       10|        10|          -|          -|  inf |    no    |
        | + Loop 1.1  |        8|        8|         1|          -|          -|     8|    no    |
        +-------------+---------+---------+----------+-----------+-----------+------+----------+



================================================================
== Utilization Estimates
================================================================
* Summary: 
+-----------------+---------+-------+--------+-------+-----+
|       Name      | BRAM_18K| DSP48E|   FF   |  LUT  | URAM|
+-----------------+---------+-------+--------+-------+-----+
|DSP              |        -|      -|       -|      -|    -|
|Expression       |        -|      -|       0|     26|    -|
|FIFO             |        -|      -|       -|      -|    -|
|Instance         |        -|      -|       -|      -|    -|
|Memory           |        -|      -|       -|      -|    -|
|Multiplexer      |        -|      -|       -|     51|    -|
|Register         |        -|      -|      15|      -|    -|
+-----------------+---------+-------+--------+-------+-----+
|Total            |        0|      0|      15|     77|    0|
+-----------------+---------+-------+--------+-------+-----+
|Available        |      270|    240|  126800|  63400|    0|
+-----------------+---------+-------+--------+-------+-----+
|Utilization (%)  |        0|      0|   ~0   |   ~0  |    0|
+-----------------+---------+-------+--------+-------+-----+

+ Detail: 
    * Instance: 
    N/A

    * DSP48E: 
    N/A

    * Memory: 
    N/A

    * FIFO: 
    N/A

    * Expression: 
    +---------------------+----------+-------+---+----+------------+------------+
    |    Variable Name    | Operation| DSP48E| FF| LUT| Bitwidth P0| Bitwidth P1|
    +---------------------+----------+-------+---+----+------------+------------+
    |q_fu_110_p2          |     +    |      0|  0|  13|           4|           1|
    |icmp_ln37_fu_104_p2  |   icmp   |      0|  0|  11|           4|           5|
    |ap_block_state3      |    or    |      0|  0|   2|           1|           1|
    +---------------------+----------+-------+---+----+------------+------------+
    |Total                |          |      0|  0|  26|           9|           7|
    +---------------------+----------+-------+---+----+------------+------------+

    * Multiplexer: 
    +-----------------+----+-----------+-----+-----------+
    |       Name      | LUT| Input Size| Bits| Total Bits|
    +-----------------+----+-----------+-----+-----------+
    |ap_NS_fsm        |  15|          3|    1|          3|
    |e_blk_n          |   9|          2|    1|          2|
    |q_0_reg_93       |   9|          2|    4|          8|
    |s_blk_n          |   9|          2|    1|          2|
    |v_assign_reg_81  |   9|          2|    8|         16|
    +-----------------+----+-----------+-----+-----------+
    |Total            |  51|         11|   15|         31|
    +-----------------+----+-----------+-----+-----------+

    * Register: 
    +-----------------+---+----+-----+-----------+
    |       Name      | FF| LUT| Bits| Const Bits|
    +-----------------+---+----+-----+-----------+
    |ap_CS_fsm        |  3|   0|    3|          0|
    |q_0_reg_93       |  4|   0|    4|          0|
    |v_assign_reg_81  |  8|   0|    8|          0|
    +-----------------+---+----+-----+-----------+
    |Total            | 15|   0|   15|          0|
    +-----------------+---+----+-----+-----------+



================================================================
== Interface
================================================================
* Summary: 
+-----------+-----+-----+------------+---------------------+--------------+
| RTL Ports | Dir | Bits|  Protocol  |    Source Object    |    C Type    |
+-----------+-----+-----+------------+---------------------+--------------+
|ap_clk     |  in |    1| ap_ctrl_hs | BitsToBytes::do_gen | return value |
|ap_rst     |  in |    1| ap_ctrl_hs | BitsToBytes::do_gen | return value |
|e_dout     |  in |    1|   ap_fifo  |          e          |    pointer   |
|e_empty_n  |  in |    1|   ap_fifo  |          e          |    pointer   |
|e_read     | out |    1|   ap_fifo  |          e          |    pointer   |
|s_din      | out |    8|   ap_fifo  |          s          |    pointer   |
|s_full_n   |  in |    1|   ap_fifo  |          s          |    pointer   |
|s_write    | out |    1|   ap_fifo  |          s          |    pointer   |
+-----------+-----+-----+------------+---------------------+--------------+

