

================================================================
== Vivado HLS Report for 'my_module1'
================================================================
* Date:           Thu Mar 25 13:03:04 2021

* Version:        2020.1 (Build 2897737 on Wed May 27 20:21:37 MDT 2020)
* Project:        HLS_RECEIVER_FLOAT
* Solution:       solution1
* Product family: artix7
* Target device:  xc7a100t-csg324-1


================================================================
== Performance Estimates
================================================================
+ Timing: 
    * Summary: 
    +--------+----------+----------+------------+
    |  Clock |  Target  | Estimated| Uncertainty|
    +--------+----------+----------+------------+
    |ap_clk  | 10.00 ns | 8.955 ns |   1.25 ns  |
    +--------+----------+----------+------------+

+ Latency: 
    * Summary: 
    +---------+---------+-----------+-----------+-----+------+---------+
    |  Latency (cycles) |   Latency (absolute)  |  Interval  | Pipeline|
    |   min   |   max   |    min    |    max    | min |  max |   Type  |
    +---------+---------+-----------+-----------+-----+------+---------+
    |        2|     2312| 20.000 ns | 23.120 us |    2|  2312|   none  |
    +---------+---------+-----------+-----------+-----+------+---------+

    + Detail: 
        * Instance: 
        +----------------------------+-----------------+---------+---------+-----------+-----------+-----+------+---------+
        |                            |                 |  Latency (cycles) |   Latency (absolute)  |  Interval  | Pipeline|
        |          Instance          |      Module     |   min   |   max   |    min    |    max    | min |  max |   Type  |
        +----------------------------+-----------------+---------+---------+-----------+-----------+-----+------+---------+
        |grp_ModuleCompute_fu_212    |ModuleCompute    |        0|       22|    0 ns   |  0.220 us |    0|    22|   none  |
        |grp_Detecteur1_fu_226       |Detecteur1       |        1|     2311| 10.000 ns | 23.110 us |    1|  2311|   none  |
        |grp_DownSampling_fu_278     |DownSampling     |        0|        5|    0 ns   | 50.000 ns |    0|     5|   none  |
        |grp_BitDecider_fu_292       |BitDecider       |        0|        5|    0 ns   | 50.000 ns |    0|     5|   none  |
        |grp_BitsToBytes_fu_306      |BitsToBytes      |        0|       12|    0 ns   |  0.120 us |    0|    12|   none  |
        |grp_CRCCheck_fu_320         |CRCCheck         |        0|      154|    0 ns   |  1.540 us |    0|   154|   none  |
        |grp_FrameProcessing_fu_334  |FrameProcessing  |        0|       75|    0 ns   |  0.750 us |    0|    75|   none  |
        +----------------------------+-----------------+---------+---------+-----------+-----------+-----+------+---------+

        * Loop: 
        N/A



================================================================
== Utilization Estimates
================================================================
* Summary: 
+-----------------+---------+-------+--------+-------+-----+
|       Name      | BRAM_18K| DSP48E|   FF   |  LUT  | URAM|
+-----------------+---------+-------+--------+-------+-----+
|DSP              |        -|      -|       -|      -|    -|
|Expression       |        -|      -|       -|      -|    -|
|FIFO             |        1|      -|     465|    447|    -|
|Instance         |        3|     19|    1416|   3439|    0|
|Memory           |        -|      -|       -|      -|    -|
|Multiplexer      |        -|      -|       -|      -|    -|
|Register         |        -|      -|       -|      -|    -|
+-----------------+---------+-------+--------+-------+-----+
|Total            |        4|     19|    1881|   3886|    0|
+-----------------+---------+-------+--------+-------+-----+
|Available        |      270|    240|  126800|  63400|    0|
+-----------------+---------+-------+--------+-------+-----+
|Utilization (%)  |        1|      7|       1|      6|    0|
+-----------------+---------+-------+--------+-------+-----+

+ Detail: 
    * Instance: 
    +----------------------------+-----------------+---------+-------+-----+------+-----+
    |          Instance          |      Module     | BRAM_18K| DSP48E|  FF |  LUT | URAM|
    +----------------------------+-----------------+---------+-------+-----+------+-----+
    |grp_BitDecider_fu_292       |BitDecider       |        0|      0|   13|    50|    0|
    |grp_BitsToBytes_fu_306      |BitsToBytes      |        0|      0|   15|    77|    0|
    |grp_CRCCheck_fu_320         |CRCCheck         |        0|      0|  218|   890|    0|
    |grp_Detecteur1_fu_226       |Detecteur1       |        3|     18|  896|  1772|    0|
    |grp_DownSampling_fu_278     |DownSampling     |        0|      0|   20|    55|    0|
    |grp_FrameProcessing_fu_334  |FrameProcessing  |        0|      0|  176|   378|    0|
    |grp_ModuleCompute_fu_212    |ModuleCompute    |        0|      1|   78|   217|    0|
    +----------------------------+-----------------+---------+-------+-----+------+-----+
    |Total                       |                 |        3|     19| 1416|  3439|    0|
    +----------------------------+-----------------+---------+-------+-----+------+-----+

    * DSP48E: 
    N/A

    * Memory: 
    N/A

    * FIFO: 
    +------------------+---------+----+----+-----+------+-----+---------+
    |       Name       | BRAM_18K| FF | LUT| URAM| Depth| Bits| Size:D*B|
    +------------------+---------+----+----+-----+------+-----+---------+
    |bit2byt_1_fifo_U  |        0|  50|   0|    -|    32|    1|       32|
    |byt2crc_1_fifo_U  |        0|  93|   0|    -|    32|    8|      256|
    |crc2fra_1_fifo_U  |        0|  93|   0|    -|    32|    8|      256|
    |det2dow_1_fifo_U  |        0|  93|   0|    -|    32|    8|      256|
    |dow2bit_1_fifo_U  |        0|  93|   0|    -|    32|    8|      256|
    |mod2dbl_1_fifo_U  |        1|  43|   0|    -|  1024|    8|     8192|
    +------------------+---------+----+----+-----+------+-----+---------+
    |Total             |        1| 465|   0|    0|  1184|   41|     9248|
    +------------------+---------+----+----+-----+------+-----+---------+

    * Expression: 
    N/A

    * Multiplexer: 
    N/A

    * Register: 
    N/A



================================================================
== Interface
================================================================
* Summary: 
+-------------+-----+-----+------------+------------------------+--------------+
|  RTL Ports  | Dir | Bits|  Protocol  |      Source Object     |    C Type    |
+-------------+-----+-----+------------+------------------------+--------------+
|clock        |  in |    1| ap_ctrl_hs | my_module1::my_module1 | return value |
|reset        |  in |    1| ap_ctrl_hs | my_module1::my_module1 | return value |
|e_dout       |  in |    8|   ap_fifo  |            e           |    pointer   |
|e_empty_n    |  in |    1|   ap_fifo  |            e           |    pointer   |
|e_read       | out |    1|   ap_fifo  |            e           |    pointer   |
|addr_din     | out |   32|   ap_fifo  |          addr          |    pointer   |
|addr_full_n  |  in |    1|   ap_fifo  |          addr          |    pointer   |
|addr_write   | out |    1|   ap_fifo  |          addr          |    pointer   |
|rgbv_din     | out |   24|   ap_fifo  |          rgbv          |    pointer   |
|rgbv_full_n  |  in |    1|   ap_fifo  |          rgbv          |    pointer   |
|rgbv_write   | out |    1|   ap_fifo  |          rgbv          |    pointer   |
+-------------+-----+-----+------------+------------------------+--------------+

