

================================================================
== Vivado HLS Report for 'DOUBLEUR_U'
================================================================
* Date:           Thu Mar 25 13:23:28 2021

* Version:        2020.1 (Build 2897737 on Wed May 27 20:21:37 MDT 2020)
* Project:        HLS_RECEIVER_FLOAT
* Solution:       solution1
* Product family: artix7
* Target device:  xc7a100t-csg324-1


================================================================
== Performance Estimates
================================================================
+ Timing: 
    * Summary: 
    +--------+----------+----------+------------+
    |  Clock |  Target  | Estimated| Uncertainty|
    +--------+----------+----------+------------+
    |ap_clk  | 10.00 ns | 7.816 ns |   1.25 ns  |
    +--------+----------+----------+------------+

+ Latency: 
    * Summary: 
    +---------+---------+----------+-----------+-----+-----+---------+
    |  Latency (cycles) |  Latency (absolute)  |  Interval | Pipeline|
    |   min   |   max   |    min   |    max    | min | max |   Type  |
    +---------+---------+----------+-----------+-----+-----+---------+
    |        0|        3|   0 ns   | 30.000 ns |    0|    3|   none  |
    +---------+---------+----------+-----------+-----+-----+---------+

    + Detail: 
        * Instance: 
        +-----------------------------+-------------------+---------+---------+-----------+-----------+-----+-----+---------+
        |                             |                   |  Latency (cycles) |   Latency (absolute)  |  Interval | Pipeline|
        |           Instance          |       Module      |   min   |   max   |    min    |    max    | min | max |   Type  |
        +-----------------------------+-------------------+---------+---------+-----------+-----------+-----+-----+---------+
        |grp_DOUBLEUR_U_do_gen_fu_60  |DOUBLEUR_U_do_gen  |        2|        2| 20.000 ns | 20.000 ns |    2|    2|   none  |
        +-----------------------------+-------------------+---------+---------+-----------+-----------+-----+-----+---------+

        * Loop: 
        N/A



================================================================
== Utilization Estimates
================================================================
* Summary: 
+-----------------+---------+-------+--------+-------+-----+
|       Name      | BRAM_18K| DSP48E|   FF   |  LUT  | URAM|
+-----------------+---------+-------+--------+-------+-----+
|DSP              |        -|      -|       -|      -|    -|
|Expression       |        -|      -|       -|      -|    -|
|FIFO             |        -|      -|       -|      -|    -|
|Instance         |        -|      -|       2|     38|    -|
|Memory           |        -|      -|       -|      -|    -|
|Multiplexer      |        -|      -|       -|      -|    -|
|Register         |        -|      -|       -|      -|    -|
+-----------------+---------+-------+--------+-------+-----+
|Total            |        0|      0|       2|     38|    0|
+-----------------+---------+-------+--------+-------+-----+
|Available        |      270|    240|  126800|  63400|    0|
+-----------------+---------+-------+--------+-------+-----+
|Utilization (%)  |        0|      0|   ~0   |   ~0  |    0|
+-----------------+---------+-------+--------+-------+-----+

+ Detail: 
    * Instance: 
    +-----------------------------+-------------------+---------+-------+---+----+-----+
    |           Instance          |       Module      | BRAM_18K| DSP48E| FF| LUT| URAM|
    +-----------------------------+-------------------+---------+-------+---+----+-----+
    |grp_DOUBLEUR_U_do_gen_fu_60  |DOUBLEUR_U_do_gen  |        0|      0|  2|  38|    0|
    +-----------------------------+-------------------+---------+-------+---+----+-----+
    |Total                        |                   |        0|      0|  2|  38|    0|
    +-----------------------------+-------------------+---------+-------+---+----+-----+

    * DSP48E: 
    N/A

    * Memory: 
    N/A

    * FIFO: 
    N/A

    * Expression: 
    N/A

    * Multiplexer: 
    N/A

    * Register: 
    N/A



================================================================
== Interface
================================================================
* Summary: 
+-----------+-----+-----+------------+--------------------------+--------------+
| RTL Ports | Dir | Bits|  Protocol  |       Source Object      |    C Type    |
+-----------+-----+-----+------------+--------------------------+--------------+
|clock      |  in |    1| ap_ctrl_hs | DOUBLEUR_U::DOUBLEUR_U.1 | return value |
|reset      |  in |    1| ap_ctrl_hs | DOUBLEUR_U::DOUBLEUR_U.1 | return value |
|e_dout     |  in |    8|   ap_fifo  |             e            |    pointer   |
|e_empty_n  |  in |    1|   ap_fifo  |             e            |    pointer   |
|e_read     | out |    1|   ap_fifo  |             e            |    pointer   |
|s1_din     | out |    8|   ap_fifo  |            s1            |    pointer   |
|s1_full_n  |  in |    1|   ap_fifo  |            s1            |    pointer   |
|s1_write   | out |    1|   ap_fifo  |            s1            |    pointer   |
|s2_din     | out |    8|   ap_fifo  |            s2            |    pointer   |
|s2_full_n  |  in |    1|   ap_fifo  |            s2            |    pointer   |
|s2_write   | out |    1|   ap_fifo  |            s2            |    pointer   |
+-----------+-----+-----+------------+--------------------------+--------------+

